◇ injected env (2) from .env // tip: ⌁ auth for agents [www.vestauth.com]

[WA-BOT] ===== SCAN QR INI dengan WhatsApp nomor bot =====
▄▄▄▄▄▄▄▄▄▄▄▄▄▄▄▄▄▄▄▄▄▄▄▄▄▄▄▄▄▄▄▄▄▄▄▄▄▄▄▄▄▄▄▄▄▄▄▄▄▄▄▄▄▄▄▄▄▄▄
█ ▄▄▄▄▄ █▄█▄▀  █▀██▄▄█▄▀  ▄▀ ▄ ▄▀▄██▀  █▀█▄▄██ ▄ ██ ▄▄▄▄▄ █
█ █   █ █ █▄█▄██▄▄▄▀█▄█▄ ▀ █▄▄█  ███▀ ▄▄▄▄▀█▀█▀▄ ██ █   █ █
█ █▄▄▄█ █▄██▄  █▀▀   ▀▄▄ █▀ ▄▄▄ █▄▄▀ ▀▄ ▀█ ▀▀█▄▀▄██ █▄▄▄█ █
█▄▄▄▄▄▄▄█▄█ █ ▀▄█▄█ ▀▄█▄▀▄█ █▄█ ▀ ▀ █ █▄█ ▀ ▀ ▀ █ █▄▄▄▄▄▄▄█
█▄▄  ▀█▄▀  ▄█▄▀███▀█ █  ▀ █▄▄▄   █ ▄▀█ ▄▄▄▀ ██ █   ██ ▄ ▀ █
█▄▄▀▀▀ ▄█▀██▄  ▀ ▄ ██ ▄▄▄ ███▄▀▀▀ ▀█ ▀▀▄▀ ▄██▄▄▄█▀     ▄▄▄█
██▄▀ ▄▀▄ ▄▄ ▄█▄  ▄█▄▀▀█▄▄▄▀▀▀▀█▀ ▀▀█▀▄ ▀▀▀ ▄▄█ █▄▄ ▀▀▀█▄ ██
█▀ ▀ ██▄█ ▄▄▄▀█▀ ▀ █ █▀ ▄ ▀█ ▄█▀██▀▄ █▄█▄▄▄ ▀▀▄▄  █ ▄▀█▀▀▀█
█▄██ ▄█▄▄  ▄▀▄█   ▄▀█▄▄██▄█▀▄▄██  ▄▀▄███ █ ▄█▄▀▀ █▀█ ▀█ ▄▀█
█▀ ▀█▄█▄▄ ▄▄▀▄▀▀█▄▄▀▄█▄█ █▀▀▀▄▄██▀▀ ▀▄ ▀██▀█ ▀  █   ▄▀█▄███
█▀ ▄▀▄▄▄▀█▄█ █ ██  ▀██▄▄▀█ ▀▄ ▀▀▀▀▄▄▄▀▀▄▄ ▀ ▀▀█▄▄ ▄▄▄ ▀ ▀ █
██▄▀▀▄▀▄ ▄▄ ██  ▀▄▄▀ ▄ █  █▀███▀▀▄▀▄█ ▀█▀█▄▀█ █ ▀█▀▀█▀▄██▄█
█ ▄   ▀▄▄█▀▄  ▄▄ ██ █  ▀▄█▀███▀▄▄▄  ▄▄ ▀ █▄▄ ▀██▄▄▄▀██ █▄ █
██ ▄▀ ▄▄▄ ▄█▄▄▀▄ █▄▄▀▀█▄█ █ ▄▄▄ ▀ ▀▄▀█ ▀▄▄█  ▄▄█▀ ▄▄▄ ▀▀▀██
█▀    █▄█ ▀▄▀▄▀▄▀ █▄▄█▀▀ ▄█ █▄█ ▄▄ ▀▄▀▀▄ ▀ █▄▄▄ ▀ █▄█ ██▀██
████▄▄ ▄▄   ▄ ▄ ▄▀█▀▀▄▀ ██▄ ▄▄▄ ▄▀▀▀█▀▄▄▄ ▄▀▄ █ ▀  ▄▄▄█▄ ██
█▀▄▄ ▀▄▄▀█▀▄███  █▄▀▀█▄▄▀ ▄▄ █▀▀█▀ ▄ █ ▄▄ ▀ █▀██▀▄▄██▄▀▀███
█▀▀█ ▀▄▄ █▄▄█▀███  ▀█▄█ ▀▀▄▀ ▀ █▄ █▄█ ▄▄███ ▀ ▀▀█▀▄ ▀▀█▄  █
██████▄▄█▀ ▄ █ ▄███ ▀█ ▀ ▄█▀██▄ ▄▀ ▄▄▄▀▀▀▀▄▄▄▀█▄█▀█  █ ▀▄▄█
█▄ ▀▄ █▄█▄▄ ▀█ ▄ ▄█   █ ▄▀▄▄ ▄▄▀ ▄ █ ▄█ ▄▀▄▄▀█ ▀█▄ ▀ ▄▀▀█▄█
█▀▄▄ █▀▄▀▄████ ▄  ▀█ █ ▀ █▀ ▄ ▄▄█▄▄▀▀█ ▄ █ ▄   ▀  ▄▀▄ ▀▄█ █
██ ▄█ ▀▄ ▄▀▄ ▄▀▄███▄███ ████▀▄ ▄█▀█▀▀▄  ▀▀  ▄▀▄▄█ ▄█ ▀ ▄███
█ █▄▀▀▀▄█ ▀█▄▄▄█ █▀▀ █ █ ▀▄▀ █ ▀▀██▄ ▀█▄ ▄▀▀████▀ ▄▄▄█▀  ▀█
█ ▀ ▀▀▄▄▄▄▀▄▄█▀  █▀▀▀▀████▄█ ▀███  █████▄█▄▄▄ █▄▄▀▄▄█  ▄▄▄█
███████▄█▀▄▄█▀ ▄ ▄ ▄ ▀ ▀█▄█ ▄▄▄ ██ █ ▄  █▀▄█ ▀▄█▀ ▄▄▄  ██ █
█ ▄▄▄▄▄ ██▀  ▀▀█▄▀▀▀█▀▄   █ █▄█ ██▀██▀█    ▀▀▀ █▀ █▄█  ▀▀██
█ █   █ █▀█▀█▄▀ ▀███ ▄ ▀ ▀█ ▄▄  ▄▄▀ ▀▀ ▄ ▀██  █ ▀  ▄ ▄ ▄▀██
█ █▄▄▄█ █  ▄█▀ ▀  ██▄▀ ▀█▀▀▄███▀█▀  ▄▀▄▄█▄ █ ▀▀ ▀▄▀ ▀▀▄▄█▀█
█▄▄▄▄▄▄▄█▄▄▄███▄▄▄▄██▄█▄▄████████▄██████▄▄█▄██▄▄███▄███████

[WA-BOT] QR juga disimpan di: D:\Badminton\wa-bot\qr.png
[WA-BOT] Koneksi tertutup status: 408 - mencoba ulang dalam 5s...
[WA-BOT] Koneksi tertutup status: 408 - mencoba ulang dalam 5s...
[WA-BOT] Koneksi tertutup status: 408 - mencoba ulang dalam 5s...
